\BOOKMARK [0][-]{chapter.1}{\376\377\000I\000n\000t\000r\000o\000d\000u\000c\000t\000i\000o\000n\000\040\000a\000n\000d\000\040\000P\000r\000o\000j\000e\000c\000t\000\040\000O\000v\000e\000r\000v\000i\000e\000w}{}% 1
\BOOKMARK [1][-]{section.1.1}{\376\377\000A\000c\000a\000d\000e\000m\000i\000c\000\040\000C\000o\000n\000t\000e\000x\000t\000\040\000a\000n\000d\000\040\000P\000r\000o\000j\000e\000c\000t\000\040\000S\000c\000o\000p\000e}{chapter.1}% 2
\BOOKMARK [1][-]{section.1.2}{\376\377\000T\000a\000r\000g\000e\000t\000\040\000H\000a\000r\000d\000w\000a\000r\000e\000\040\000P\000l\000a\000t\000f\000o\000r\000m}{chapter.1}% 3
\BOOKMARK [1][-]{section.1.3}{\376\377\000K\000e\000y\000\040\000A\000r\000c\000h\000i\000t\000e\000c\000t\000u\000r\000a\000l\000\040\000S\000p\000e\000c\000i\000f\000i\000c\000a\000t\000i\000o\000n\000s}{chapter.1}% 4
\BOOKMARK [1][-]{section.1.4}{\376\377\000D\000e\000s\000i\000g\000n\000\040\000M\000e\000t\000h\000o\000d\000o\000l\000o\000g\000y\000\040\000a\000n\000d\000\040\000T\000o\000o\000l\000f\000l\000o\000w}{chapter.1}% 5
\BOOKMARK [0][-]{chapter.2}{\376\377\000S\000y\000s\000t\000e\000m\000-\000o\000n\000-\000C\000h\000i\000p\000\040\000\050\000S\000o\000C\000\051\000\040\000A\000r\000c\000h\000i\000t\000e\000c\000t\000u\000r\000e\000\040\000a\000n\000d\000\040\000I\000n\000t\000e\000r\000c\000o\000n\000n\000e\000c\000t}{}% 6
\BOOKMARK [1][-]{section.2.1}{\376\377\000S\000y\000s\000t\000e\000m\000\040\000P\000a\000r\000t\000i\000t\000i\000o\000n\000i\000n\000g\000:\000\040\000P\000r\000o\000c\000e\000s\000s\000i\000n\000g\000\040\000S\000y\000s\000t\000e\000m\000\040\000v\000s\000.\000\040\000P\000r\000o\000g\000r\000a\000m\000m\000a\000b\000l\000e\000\040\000L\000o\000g\000i\000c}{chapter.2}% 7
\BOOKMARK [1][-]{section.2.2}{\376\377\000A\000X\000I\000\040\000D\000M\000A\000\040\000C\000o\000m\000m\000u\000n\000i\000c\000a\000t\000i\000o\000n\000\040\000S\000u\000b\000s\000y\000s\000t\000e\000m}{chapter.2}% 8
\BOOKMARK [1][-]{section.2.3}{\376\377\000A\000X\000I\0004\000-\000S\000t\000r\000e\000a\000m\000\040\000C\000u\000s\000t\000o\000m\000\040\000P\000e\000r\000i\000p\000h\000e\000r\000a\000l\000\040\000\050\000m\000y\000a\000x\000i\000s\000t\000r\000e\000a\000m\000\137\0001\000\137\0000\000\051}{chapter.2}% 9
\BOOKMARK [2][-]{subsection.2.3.1}{\376\377\000S\000t\000a\000t\000e\000\040\000M\000a\000c\000h\000i\000n\000e\000\040\000a\000n\000d\000\040\000H\000a\000n\000d\000s\000h\000a\000k\000i\000n\000g}{section.2.3}% 10
\BOOKMARK [0][-]{chapter.3}{\376\377\000I\000n\000s\000t\000r\000u\000c\000t\000i\000o\000n\000\040\000S\000e\000t\000\040\000A\000r\000c\000h\000i\000t\000e\000c\000t\000u\000r\000e\000\040\000\050\000s\000p\000I\000S\000A\000\051}{}% 11
\BOOKMARK [1][-]{section.3.1}{\376\377\000I\000n\000s\000t\000r\000u\000c\000t\000i\000o\000n\000\040\000S\000e\000t\000\040\000O\000v\000e\000r\000v\000i\000e\000w}{chapter.3}% 12
\BOOKMARK [1][-]{section.3.2}{\376\377\000B\000i\000t\000f\000i\000e\000l\000d\000\040\000D\000e\000f\000i\000n\000i\000t\000i\000o\000n\000s\000\040\000a\000n\000d\000\040\000A\000l\000l\000o\000c\000a\000t\000i\000o\000n\000s}{chapter.3}% 13
\BOOKMARK [1][-]{section.3.3}{\376\377\000D\000e\000t\000a\000i\000l\000e\000d\000\040\000I\000n\000s\000t\000r\000u\000c\000t\000i\000o\000n\000\040\000S\000p\000e\000c\000i\000f\000i\000c\000a\000t\000i\000o\000n\000s}{chapter.3}% 14
\BOOKMARK [2][-]{subsection.3.3.1}{\376\377\000B\000r\000o\000a\000d\000c\000a\000s\000t\000\040\000I\000n\000s\000t\000r\000u\000c\000t\000i\000o\000n\000s\000\040\000v\000s\000.\000\040\000S\000p\000a\000t\000i\000a\000l\000\040\000P\000r\000i\000m\000i\000t\000i\000v\000e\000s}{section.3.3}% 15
\BOOKMARK [0][-]{chapter.4}{\376\377\000M\000u\000l\000t\000i\000c\000o\000r\000e\000\040\000T\000i\000l\000i\000n\000g\000\040\000a\000n\000d\000\040\000S\000p\000a\000t\000i\000a\000l\000\040\000P\000a\000r\000a\000l\000l\000e\000l\000i\000s\000m}{}% 16
\BOOKMARK [1][-]{section.4.1}{\376\377\000S\000p\000a\000t\000i\000a\000l\000\040\000D\000e\000c\000o\000m\000p\000o\000s\000i\000t\000i\000o\000n\000\040\000M\000e\000t\000h\000o\000d\000o\000l\000o\000g\000y}{chapter.4}% 17
\BOOKMARK [1][-]{section.4.2}{\376\377\000C\000o\000r\000e\000-\000t\000o\000-\000T\000i\000l\000e\000\040\000M\000a\000p\000p\000i\000n\000g\000\040\000a\000n\000d\000\040\000C\000o\000o\000r\000d\000i\000n\000a\000t\000e\000\040\000S\000p\000a\000c\000e\000s}{chapter.4}% 18
\BOOKMARK [1][-]{section.4.3}{\376\377\000T\000h\000r\000o\000u\000g\000h\000p\000u\000t\000\040\000S\000c\000a\000l\000i\000n\000g\000\040\000a\000n\000d\000\040\000H\000a\000r\000d\000w\000a\000r\000e\000\040\000B\000e\000n\000e\000f\000i\000t\000s}{chapter.4}% 19
\BOOKMARK [0][-]{chapter.5}{\376\377\000D\000y\000n\000a\000m\000i\000c\000\040\000I\000n\000s\000t\000r\000u\000c\000t\000i\000o\000n\000\040\000S\000c\000h\000e\000d\000u\000l\000e\000r}{}% 20
\BOOKMARK [1][-]{section.5.1}{\376\377\000R\000o\000l\000e\000\040\000a\000n\000d\000\040\000M\000o\000t\000i\000v\000a\000t\000i\000o\000n\000\040\000o\000f\000\040\000t\000h\000e\000\040\000S\000c\000h\000e\000d\000u\000l\000e\000r}{chapter.5}% 21
\BOOKMARK [1][-]{section.5.2}{\376\377\000C\000o\000m\000b\000i\000n\000a\000t\000o\000r\000i\000a\000l\000\040\000B\000o\000u\000n\000d\000i\000n\000g\000\040\000B\000o\000x\000\040\000P\000r\000e\000-\000D\000e\000c\000o\000d\000e\000r}{chapter.5}% 22
\BOOKMARK [1][-]{section.5.3}{\376\377\000C\000o\000r\000e\000\040\000R\000a\000n\000g\000e\000\040\000C\000l\000a\000s\000s\000i\000f\000i\000c\000a\000t\000i\000o\000n\000\040\000a\000n\000d\000\040\000S\000e\000l\000e\000c\000t\000i\000v\000e\000\040\000D\000i\000s\000p\000a\000t\000c\000h\000i\000n\000g}{chapter.5}% 23
\BOOKMARK [1][-]{section.5.4}{\376\377\000D\000e\000d\000i\000c\000a\000t\000e\000d\000\040\000S\000y\000n\000c\000h\000r\000o\000n\000o\000u\000s\000\040\000F\000I\000F\000O\000s\000\040\000a\000n\000d\000\040\000F\000l\000o\000w\000\040\000C\000o\000n\000t\000r\000o\000l}{chapter.5}% 24
\BOOKMARK [2][-]{subsection.5.4.1}{\376\377\000B\000a\000c\000k\000p\000r\000e\000s\000s\000u\000r\000e\000\040\000M\000e\000c\000h\000a\000n\000i\000s\000m}{section.5.4}% 25
\BOOKMARK [0][-]{chapter.6}{\376\377\000S\000i\000n\000g\000l\000e\000-\000C\000o\000r\000e\000\040\000M\000i\000c\000r\000o\000a\000r\000c\000h\000i\000t\000e\000c\000t\000u\000r\000e\000\040\000\050\000s\000p\000C\000O\000R\000E\000\051}{}% 26
\BOOKMARK [1][-]{section.6.1}{\376\377\000S\000t\000r\000u\000c\000t\000u\000r\000a\000l\000\040\000O\000v\000e\000r\000v\000i\000e\000w\000\040\000o\000f\000\040\000t\000h\000e\000\040\000C\000o\000m\000p\000u\000t\000e\000\040\000C\000o\000r\000e}{chapter.6}% 27
\BOOKMARK [1][-]{section.6.2}{\376\377\000P\000i\000p\000e\000l\000i\000n\000e\000\040\000C\000o\000n\000t\000r\000o\000l\000\040\000a\000n\000d\000\040\000D\000e\000c\000o\000d\000e\000\040\000U\000n\000i\000t\000\040\000\050\000s\000p\000P\000I\000P\000E\000.\000v\000h\000d\000\051}{chapter.6}% 28
\BOOKMARK [2][-]{subsection.6.2.1}{\376\377\000P\000i\000p\000e\000l\000i\000n\000e\000\040\000F\000i\000n\000i\000t\000e\000\040\000S\000t\000a\000t\000e\000\040\000M\000a\000c\000h\000i\000n\000e}{section.6.2}% 29
\BOOKMARK [2][-]{subsection.6.2.2}{\376\377\000P\000a\000r\000a\000m\000e\000t\000e\000r\000\040\000R\000e\000g\000i\000s\000t\000r\000a\000t\000i\000o\000n}{section.6.2}% 30
\BOOKMARK [1][-]{section.6.3}{\376\377\000E\000x\000e\000c\000u\000t\000i\000o\000n\000\040\000U\000n\000i\000t\000\040\000a\000n\000d\000\040\000T\000i\000l\000e\000\040\000B\000o\000u\000n\000d\000a\000r\000y\000\040\000P\000r\000o\000t\000e\000c\000t\000i\000o\000n\000\040\000\050\000s\000p\000E\000X\000E\000C\000.\000v\000h\000d\000\051}{chapter.6}% 31
\BOOKMARK [2][-]{subsection.6.3.1}{\376\377\000C\000a\000n\000d\000i\000d\000a\000t\000e\000\040\000P\000i\000x\000e\000l\000\040\000M\000u\000l\000t\000i\000p\000l\000e\000x\000i\000n\000g\000\040\000a\000n\000d\000\040\000C\000o\000m\000p\000l\000e\000t\000i\000o\000n\000\040\000A\000g\000g\000r\000e\000g\000a\000t\000i\000o\000n}{section.6.3}% 32
\BOOKMARK [2][-]{subsection.6.3.2}{\376\377\000H\000a\000r\000d\000w\000a\000r\000e\000\040\000T\000i\000l\000e\000\040\000C\000l\000i\000p\000p\000i\000n\000g\000\040\000U\000n\000i\000t}{section.6.3}% 33
\BOOKMARK [0][-]{chapter.7}{\376\377\000H\000a\000r\000d\000w\000a\000r\000e\000\040\000P\000r\000i\000m\000i\000t\000i\000v\000e\000\040\000A\000c\000c\000e\000l\000e\000r\000a\000t\000o\000r\000s}{}% 34
\BOOKMARK [1][-]{section.7.1}{\376\377\000O\000v\000e\000r\000v\000i\000e\000w\000\040\000o\000f\000\040\000D\000e\000d\000i\000c\000a\000t\000e\000d\000\040\000A\000c\000c\000e\000l\000e\000r\000a\000t\000i\000o\000n\000\040\000E\000n\000g\000i\000n\000e\000s}{chapter.7}% 35
\BOOKMARK [1][-]{section.7.2}{\376\377\000D\000i\000r\000e\000c\000t\000\040\000P\000i\000x\000e\000l\000\040\000W\000r\000i\000t\000e\000r\000\040\000\050\000D\000R\000A\000W\000P\000I\000X\000E\000L\000\051}{chapter.7}% 36
\BOOKMARK [1][-]{section.7.3}{\376\377\000B\000r\000e\000s\000e\000n\000h\000a\000m\000\040\000L\000i\000n\000e\000\040\000A\000c\000c\000e\000l\000e\000r\000a\000t\000o\000r\000\040\000\050\000l\000i\000n\000e\000\137\000a\000c\000c\000.\000v\000h\000d\000\051}{chapter.7}% 37
\BOOKMARK [2][-]{subsection.7.3.1}{\376\377\000M\000a\000t\000h\000e\000m\000a\000t\000i\000c\000a\000l\000\040\000F\000o\000r\000m\000u\000l\000a\000t\000i\000o\000n\000\040\000a\000n\000d\000\040\000D\000a\000t\000a\000\040\000P\000a\000t\000h}{section.7.3}% 38
\BOOKMARK [1][-]{section.7.4}{\376\377\000M\000i\000d\000p\000o\000i\000n\000t\000\040\000C\000i\000r\000c\000l\000e\000\040\000A\000c\000c\000e\000l\000e\000r\000a\000t\000o\000r\000\040\000\050\000c\000i\000r\000c\000l\000e\000\137\000a\000c\000c\000.\000v\000h\000d\000\051}{chapter.7}% 39
\BOOKMARK [2][-]{subsection.7.4.1}{\376\377\000E\000i\000g\000h\000t\000-\000O\000c\000t\000a\000n\000t\000\040\000T\000r\000a\000v\000e\000r\000s\000a\000l}{section.7.4}% 40
\BOOKMARK [1][-]{section.7.5}{\376\377\000F\000i\000l\000l\000e\000d\000\040\000C\000i\000r\000c\000l\000e\000\040\000A\000c\000c\000e\000l\000e\000r\000a\000t\000o\000r\000\040\000\050\000f\000i\000l\000l\000e\000d\000\137\000c\000i\000r\000c\000l\000e\000\137\000a\000c\000c\000.\000v\000h\000d\000\051}{chapter.7}% 41
\BOOKMARK [1][-]{section.7.6}{\376\377\000F\000i\000l\000l\000e\000d\000\040\000T\000r\000i\000a\000n\000g\000l\000e\000\040\000R\000a\000s\000t\000e\000r\000i\000z\000e\000r\000\040\000\050\000e\000d\000g\000e\000\137\000f\000i\000l\000l\000\137\000t\000o\000p\000\137\000v\0002\000.\000v\000h\000d\000\051}{chapter.7}% 42
\BOOKMARK [2][-]{subsection.7.6.1}{\376\377\000B\000o\000u\000n\000d\000i\000n\000g\000\040\000B\000o\000x\000\040\000D\000e\000t\000e\000r\000m\000i\000n\000a\000t\000i\000o\000n\000\040\000\050\000m\000i\000n\000m\000a\000x\000.\000v\000h\000d\000\051}{section.7.6}% 43
\BOOKMARK [2][-]{subsection.7.6.2}{\376\377\000P\000a\000r\000a\000l\000l\000e\000l\000\040\000E\000d\000g\000e\000\040\000F\000u\000n\000c\000t\000i\000o\000n\000\040\000E\000v\000a\000l\000u\000a\000t\000i\000o\000n\000\040\000\050\000e\000d\000g\000e\000\137\000f\000i\000l\000l\000\137\000v\0002\000.\000v\000h\000d\000\051}{section.7.6}% 44
\BOOKMARK [2][-]{subsection.7.6.3}{\376\377\000H\000a\000l\000f\000-\000S\000p\000a\000c\000e\000\040\000I\000n\000c\000l\000u\000s\000i\000o\000n\000\040\000T\000e\000s\000t}{section.7.6}% 45
\BOOKMARK [0][-]{chapter.8}{\376\377\000T\000i\000l\000e\000\040\000F\000r\000a\000m\000e\000b\000u\000f\000f\000e\000r\000,\000\040\000D\000o\000u\000b\000l\000e\000\040\000B\000u\000f\000f\000e\000r\000i\000n\000g\000,\000\040\000a\000n\000d\000\040\000H\000a\000r\000d\000w\000a\000r\000e\000\040\000Z\000-\000B\000u\000f\000f\000e\000r}{}% 46
\BOOKMARK [1][-]{section.8.1}{\376\377\000M\000e\000m\000o\000r\000y\000\040\000A\000r\000c\000h\000i\000t\000e\000c\000t\000u\000r\000e\000\040\000O\000v\000e\000r\000v\000i\000e\000w}{chapter.8}% 47
\BOOKMARK [1][-]{section.8.2}{\376\377\000T\000r\000u\000e\000\040\000D\000u\000a\000l\000-\000P\000o\000r\000t\000\040\000B\000R\000A\000M\000\040\000O\000r\000g\000a\000n\000i\000z\000a\000t\000i\000o\000n\000\040\000a\000n\000d\000\040\000D\000o\000u\000b\000l\000e\000\040\000B\000u\000f\000f\000e\000r\000i\000n\000g}{chapter.8}% 48
\BOOKMARK [1][-]{section.8.3}{\376\377\000S\000w\000a\000p\000\040\000P\000r\000o\000t\000o\000c\000o\000l\000\040\000a\000n\000d\000\040\000H\000a\000r\000d\000w\000a\000r\000e\000\040\000B\000a\000c\000k\000g\000r\000o\000u\000n\000d\000\040\000A\000u\000t\000o\000-\000C\000l\000e\000a\000r}{chapter.8}% 49
\BOOKMARK [1][-]{section.8.4}{\376\377\000I\000n\000t\000e\000g\000r\000a\000t\000e\000d\000\040\0004\000-\000B\000i\000t\000\040\000H\000a\000r\000d\000w\000a\000r\000e\000\040\000Z\000-\000B\000u\000f\000f\000e\000r\000\040\000\050\000D\000e\000p\000t\000h\000\040\000T\000e\000s\000t\000\051}{chapter.8}% 50
\BOOKMARK [2][-]{subsection.8.4.1}{\376\377\000S\000i\000n\000g\000l\000e\000-\000C\000y\000c\000l\000e\000\040\000D\000e\000p\000t\000h\000\040\000C\000o\000m\000p\000a\000r\000a\000t\000o\000r}{section.8.4}% 51
\BOOKMARK [1][-]{section.8.5}{\376\377\000M\000u\000l\000t\000i\000p\000l\000i\000e\000r\000-\000F\000r\000e\000e\000\040\000A\000d\000d\000r\000e\000s\000s\000\040\000G\000e\000n\000e\000r\000a\000t\000i\000o\000n}{chapter.8}% 52
\BOOKMARK [0][-]{chapter.9}{\376\377\000D\000i\000s\000p\000l\000a\000y\000\040\000C\000o\000n\000t\000r\000o\000l\000l\000e\000r\000\040\000a\000n\000d\000\040\000P\000h\000y\000s\000i\000c\000a\000l\000\040\000H\000D\000M\000I\000\040\000T\000r\000a\000n\000s\000m\000i\000t\000t\000e\000r}{}% 53
\BOOKMARK [1][-]{section.9.1}{\376\377\000V\000i\000d\000e\000o\000\040\000S\000u\000b\000s\000y\000s\000t\000e\000m\000\040\000O\000v\000e\000r\000v\000i\000e\000w}{chapter.9}% 54
\BOOKMARK [1][-]{section.9.2}{\376\377\000V\000G\000A\000\040\000T\000i\000m\000i\000n\000g\000\040\000G\000e\000n\000e\000r\000a\000t\000i\000o\000n\000\040\000\050\000c\000o\000u\000n\000t\000e\000r\000\137\000p\000i\000x\000e\000l\000.\000v\000h\000d\000\051}{chapter.9}% 55
\BOOKMARK [1][-]{section.9.3}{\376\377\000H\000a\000r\000d\000w\000a\000r\000e\000\040\0002\000\040\000N\000e\000a\000r\000e\000s\000t\000-\000N\000e\000i\000g\000h\000b\000o\000r\000\040\000U\000p\000s\000c\000a\000l\000i\000n\000g}{chapter.9}% 56
\BOOKMARK [1][-]{section.9.4}{\376\377\000B\000R\000A\000M\000\040\000P\000i\000p\000e\000l\000i\000n\000e\000\040\000L\000a\000t\000e\000n\000c\000y\000\040\000A\000l\000i\000g\000n\000m\000e\000n\000t}{chapter.9}% 57
\BOOKMARK [1][-]{section.9.5}{\376\377\000C\000o\000l\000o\000r\000\040\000E\000x\000p\000a\000n\000s\000i\000o\000n\000\040\000\050\000R\000G\000B\0005\0005\0005\000\040\000t\000o\000\040\000R\000G\000B\0008\0008\0008\000\051}{chapter.9}% 58
\BOOKMARK [1][-]{section.9.6}{\376\377\000T\000M\000D\000S\000\040\0008\000b\000/\0001\0000\000b\000\040\000E\000n\000c\000o\000d\000e\000r\000s\000\040\000\050\000t\000m\000d\000s\000\137\000e\000n\000c\000o\000d\000e\000r\000.\000v\000h\000d\000\051}{chapter.9}% 59
\BOOKMARK [1][-]{section.9.7}{\376\377\000P\000h\000y\000s\000i\000c\000a\000l\000\040\000S\000e\000r\000i\000a\000l\000i\000z\000a\000t\000i\000o\000n\000\040\000a\000n\000d\000\040\000D\000i\000f\000f\000e\000r\000e\000n\000t\000i\000a\000l\000\040\000I\000/\000O\000\040\000\050\000s\000e\000r\000i\000a\000l\000i\000z\000e\000r\000.\000v\000h\000d\000\051}{chapter.9}% 60
\BOOKMARK [0][-]{chapter.10}{\376\377\000P\000e\000r\000f\000o\000r\000m\000a\000n\000c\000e\000\040\000A\000n\000a\000l\000y\000z\000e\000r\000\040\000a\000n\000d\000\040\000D\000u\000a\000l\000-\000I\000n\000t\000e\000r\000r\000u\000p\000t\000\040\000A\000r\000c\000h\000i\000t\000e\000c\000t\000u\000r\000e}{}% 61
\BOOKMARK [1][-]{section.10.1}{\376\377\000H\000a\000r\000d\000w\000a\000r\000e\000\040\000T\000e\000l\000e\000m\000e\000t\000r\000y\000\040\000S\000u\000b\000s\000y\000s\000t\000e\000m\000\040\000\050\000s\000p\000A\000N\000A\000L\000Y\000Z\000E\000R\000.\000v\000h\000d\000\051}{chapter.10}% 62
\BOOKMARK [1][-]{section.10.2}{\376\377\000D\000u\000a\000l\000-\000I\000n\000t\000e\000r\000r\000u\000p\000t\000\040\000H\000a\000r\000d\000w\000a\000r\000e\000\040\000A\000r\000c\000h\000i\000t\000e\000c\000t\000u\000r\000e}{chapter.10}% 63
\BOOKMARK [1][-]{section.10.3}{\376\377\000C\000l\000o\000c\000k\000\040\000D\000o\000m\000a\000i\000n\000\040\000C\000r\000o\000s\000s\000i\000n\000g\000\040\000f\000o\000r\000\040\000V\000S\000Y\000N\000C\000\040\000P\000u\000l\000s\000e\000\040\000G\000e\000n\000e\000r\000a\000t\000i\000o\000n}{chapter.10}% 64
\BOOKMARK [1][-]{section.10.4}{\376\377\000F\000r\000a\000m\000e\000\040\000P\000a\000c\000i\000n\000g\000\040\000a\000n\000d\000\040\000Z\000e\000r\000o\000-\000T\000e\000a\000r\000i\000n\000g\000\040\000L\000o\000c\000k}{chapter.10}% 65
\BOOKMARK [0][-]{chapter.11}{\376\377\000B\000a\000r\000e\000-\000M\000e\000t\000a\000l\000\040\000S\000o\000f\000t\000w\000a\000r\000e\000\040\000S\000t\000a\000c\000k\000\040\000a\000n\000d\000\040\000H\000o\000s\000t\000\040\000D\000r\000i\000v\000e\000r}{}% 66
\BOOKMARK [1][-]{section.11.1}{\376\377\000S\000o\000f\000t\000w\000a\000r\000e\000\040\000A\000r\000c\000h\000i\000t\000e\000c\000t\000u\000r\000e\000\040\000O\000v\000e\000r\000v\000i\000e\000w}{chapter.11}% 67
\BOOKMARK [1][-]{section.11.2}{\376\377\000L\000o\000w\000-\000L\000e\000v\000e\000l\000\040\000A\000X\000I\000\040\000D\000M\000A\000\040\000D\000r\000i\000v\000e\000r}{chapter.11}% 68
\BOOKMARK [1][-]{section.11.3}{\376\377\000Z\000e\000r\000o\000-\000C\000o\000p\000y\000\040\000B\000i\000t\000-\000P\000a\000c\000k\000e\000d\000\040\000I\000n\000s\000t\000r\000u\000c\000t\000i\000o\000n\000\040\000M\000a\000p\000p\000i\000n\000g}{chapter.11}% 69
\BOOKMARK [1][-]{section.11.4}{\376\377\000H\000i\000g\000h\000-\000L\000e\000v\000e\000l\000\040\000D\000r\000a\000w\000i\000n\000g\000\040\000A\000P\000I}{chapter.11}% 70
\BOOKMARK [1][-]{section.11.5}{\376\377\000R\000e\000a\000l\000-\000T\000i\000m\000e\000\040\000P\000h\000y\000s\000i\000c\000s\000\040\000D\000e\000m\000o\000n\000s\000t\000r\000a\000t\000i\000o\000n\000\040\000A\000p\000p\000l\000i\000c\000a\000t\000i\000o\000n\000\040\000\050\000m\000a\000i\000n\000.\000c\000\051}{chapter.11}% 71
\BOOKMARK [2][-]{subsection.11.5.1}{\376\377\000P\000h\000y\000s\000i\000c\000a\000l\000\040\000M\000o\000d\000e\000l\000\040\000a\000n\000d\000\040\000C\000o\000l\000l\000i\000s\000i\000o\000n\000\040\000R\000e\000s\000o\000l\000u\000t\000i\000o\000n}{section.11.5}% 72
\BOOKMARK [2][-]{subsection.11.5.2}{\376\377\000E\000x\000e\000c\000u\000t\000i\000o\000n\000\040\000L\000o\000o\000p\000\040\000a\000n\000d\000\040\000C\000o\000n\000s\000o\000l\000e\000\040\000O\000u\000t\000p\000u\000t}{section.11.5}% 73
\BOOKMARK [0][-]{chapter.12}{\376\377\000S\000i\000m\000u\000l\000a\000t\000i\000o\000n\000,\000\040\000V\000e\000r\000i\000f\000i\000c\000a\000t\000i\000o\000n\000,\000\040\000a\000n\000d\000\040\000T\000o\000o\000l\000i\000n\000g}{}% 74
\BOOKMARK [1][-]{section.12.1}{\376\377\000V\000e\000r\000i\000f\000i\000c\000a\000t\000i\000o\000n\000\040\000S\000t\000r\000a\000t\000e\000g\000y}{chapter.12}% 75
\BOOKMARK [1][-]{section.12.2}{\376\377\000S\000o\000f\000t\000w\000a\000r\000e\000\040\000S\000i\000m\000u\000l\000a\000t\000i\000o\000n\000\040\000M\000o\000d\000e\000l\000s\000\040\000\050\000s\000o\000f\000t\000w\000a\000r\000e\000\137\000s\000i\000m\000/\000\051}{chapter.12}% 76
\BOOKMARK [1][-]{section.12.3}{\376\377\000I\000n\000t\000e\000r\000a\000c\000t\000i\000v\000e\000\040\000V\000i\000s\000u\000a\000l\000\040\000S\000i\000m\000u\000l\000a\000t\000o\000r\000\040\000\050\000s\000i\000m\000u\000l\000a\000t\000o\000r\000.\000c\000\051}{chapter.12}% 77
\BOOKMARK [1][-]{section.12.4}{\376\377\000R\000T\000L\000\040\000T\000e\000s\000t\000b\000e\000n\000c\000h\000\040\000S\000u\000i\000t\000e\000\040\000a\000n\000d\000\040\000M\000o\000d\000e\000l\000S\000i\000m\000\040\000A\000u\000t\000o\000m\000a\000t\000i\000o\000n}{chapter.12}% 78
\BOOKMARK [0][-]{chapter.13}{\376\377\000I\000m\000p\000l\000e\000m\000e\000n\000t\000a\000t\000i\000o\000n\000\040\000R\000e\000s\000u\000l\000t\000s\000\040\000a\000n\000d\000\040\000D\000e\000s\000i\000g\000n\000\040\000D\000i\000s\000c\000u\000s\000s\000i\000o\000n}{}% 79
\BOOKMARK [1][-]{section.13.1}{\376\377\000F\000P\000G\000A\000\040\000S\000y\000n\000t\000h\000e\000s\000i\000s\000\040\000a\000n\000d\000\040\000R\000e\000s\000o\000u\000r\000c\000e\000\040\000U\000t\000i\000l\000i\000z\000a\000t\000i\000o\000n}{chapter.13}% 80
\BOOKMARK [1][-]{section.13.2}{\376\377\000C\000l\000o\000c\000k\000\040\000D\000o\000m\000a\000i\000n\000\040\000A\000r\000c\000h\000i\000t\000e\000c\000t\000u\000r\000e\000\040\000a\000n\000d\000\040\000T\000i\000m\000i\000n\000g\000\040\000C\000l\000o\000s\000u\000r\000e}{chapter.13}% 81
\BOOKMARK [1][-]{section.13.3}{\376\377\000A\000n\000a\000l\000y\000s\000i\000s\000\040\000o\000f\000\040\000A\000r\000c\000h\000i\000t\000e\000c\000t\000u\000r\000a\000l\000\040\000I\000n\000n\000o\000v\000a\000t\000i\000o\000n\000s\000\040\000a\000n\000d\000\040\000T\000r\000a\000d\000e\000-\000O\000f\000f\000s}{chapter.13}% 82
\BOOKMARK [1][-]{section.13.4}{\376\377\000P\000o\000t\000e\000n\000t\000i\000a\000l\000\040\000F\000u\000t\000u\000r\000e\000\040\000E\000n\000h\000a\000n\000c\000e\000m\000e\000n\000t\000s}{chapter.13}% 83
\BOOKMARK [0][-]{chapter.14}{\376\377\000C\000o\000n\000c\000l\000u\000s\000i\000o\000n}{}% 84
